Server is running on Port: 4000
